i = 0, z = 26
l{0} = a
1
i = 2, z = 26
l{2} = c
1
i = 4, z = 26
l{4} = e
1
i = 6, z = 26
l{6} = g
1
i = 8, z = 26
l{8} = i
1
i = 10, z = 26
l{10} = k
1
i = 12, z = 26
l{12} = m
1
i = 14, z = 26
l{14} = o
1
i = 16, z = 26
l{16} = q
1
i = 18, z = 26
l{18} = s
1
i = 20, z = 26
l{20} = u
1
i = 22, z = 26
l{22} = w
1
i = 24, z = 26
l{24} = y
0
result = ok
