{bar 1} {joe 2} {foo 0}
{bar 1} {joe 2} {foo 0}
result = ok
