pickcap1 a = A
pickcap2 a = A
pickcap3 a = A
pickcap4 a = A
pickcap1 b = 
pickcap2 b = ?
pickcap3 b = B
pickcap4 b = B
pickcap1 c = 
pickcap2 c = ?
pickcap3 c = 
pickcap4 c = C
pickcap1 d = 
pickcap2 d = ?
pickcap3 d = 
pickcap4 d = ?
pickcap1 e = 
pickcap2 e = ?
pickcap3 e = 
pickcap4 e = ?
result = ok
