valid procedure
unknown handler: procedure b
result = error
error: unknown procedure
